[tokenoid.io/index.html]
[backblue.gif]
[fade.gif]
[index.html]
[tokenoid.io/assets/images/favicon.png]
[tokenoid.io/assets/css/animate.min.css]
[tokenoid.io/assets/css/font-awesome.min.css]
[tokenoid.io/assets/css/odometer.min.css]
[tokenoid.io/assets/css/fancybox.min.css]
[tokenoid.io/assets/css/swiper.min.css]
[tokenoid.io/assets/css/bootstrap.min.css]
[tokenoid.io/assets/css/style.css]
[tokenoid.io/assets/images/preloader.gif]
[tokenoid.io/assets/images/logo_dark.png]
[tokenoid.io/assets/images/chart.png]
[tokenoid.io/assets/videos/bgvideo.mp4]
[tokenoid.io/assets/images/nland.jpg]
[tokenoid.io/assets/images/ncastle.jpg]
[tokenoid.io/assets/images/nbattle.jpg]
[tokenoid.io/assets/images/bscscan.png]
[tokenoid.io/assets/images/pancakeswap.png]
[tokenoid.io/assets/images/cg.png]
[tokenoid.io/assets/images/cmc.png]
[tokenoid.io/assets/images/certik.png]
[tokenoid.io/assets/images/techrate.png]
[tokenoid.io/assets/images/hotbit.png]
[tokenoid.io/assets/images/lbank.png]
[tokenoid.io/assets/images/logo_text_dark.png]
[tokenoid.io/assets/audio/link.mp3]
[tokenoid.io/assets/js/jquery.min.js]
[tokenoid.io/assets/js/bootstrap.min.js]
[tokenoid.io/assets/js/swiper.min.js]
[tokenoid.io/assets/js/tilt.jquery.js]
[tokenoid.io/assets/js/wow.min.js]
[tokenoid.io/assets/js/odometer.min.js]
[tokenoid.io/assets/js/jquery.typewriter.js]
[tokenoid.io/assets/js/fancybox.min.js]
[tokenoid.io/assets/js/app.js]
[tokenoid.io/assets/js/scripts.js]
[tokenoid.io/assets/js/apps.js]
[tokenoid.io/assets/jquery/jquery.countdown.js]
[tokenoid.io/index.html]
[tokenoid.io/preview.html]
[tokenoid.io/assets/css/animate.min.css]
[tokenoid.io/assets/jquery/jquery.countdown.min.js]
[tokenoid.io/assets/fonts/fontawesome-webfont3e6e.eot]
[tokenoid.io/assets/fonts/fontawesome-webfontd41d.eot]
[tokenoid.io/assets/js/web3.min.js]
[tokenoid.io/assets/fonts/fontawesome-webfont3e6e.woff2]
[tokenoid.io/assets/fonts/fontawesome-webfont3e6e.woff]
[tokenoid.io/assets/fonts/fontawesome-webfont3e6e.ttf]
[tokenoid.io/assets/css/font-awesome.min.css]
[tokenoid.io/assets/css/odometer.min.css]
[tokenoid.io/assets/css/fancybox.min.css]
[tokenoid.io/assets/css/swiper.min.css]
[tokenoid.io/assets/css/bootstrap.min.css]
[tokenoid.io/assets/fonts/fontawesome-webfont3e6e.svg]
[tokenoid.io/assets/images/bg-lines.png]
[tokenoid.io/assets/images/bg-noise.gif]
[tokenoid.io/assets/css/style.css]
[tokenoid.io/assets/images/featured01.html]
[tokenoid.io/assets/images/pattern-bg.svg]
[tokenoid.io/assets/fonts/fontawesome-webfont3e6e.svg]
[tokenoid.io/assets/images/pattern-bg.svg]
